{"error":{"code":"MODULE_NOT_FOUND"},"level":"error","message":"uncaughtException: Cannot find module '../routes/returns'\nError: Cannot find module '../routes/returns'\n    at Function.Module._resolveFilename (internal/modules/cjs/loader.js:582:15)\n    at Function.Module._load (internal/modules/cjs/loader.js:508:25)\n    at Module.require (internal/modules/cjs/loader.js:637:17)\n    at require (internal/modules/cjs/helpers.js:22:18)\n    at Object.<anonymous> (C:\\Users\\sorcun\\Desktop\\NODE\\NodeJS_Noob\\movie-api\\startup\\route.js:8:17)\n    at Module._compile (internal/modules/cjs/loader.js:701:30)\n    at Object.Module._extensions..js (internal/modules/cjs/loader.js:712:10)\n    at Module.load (internal/modules/cjs/loader.js:600:32)\n    at tryModuleLoad (internal/modules/cjs/loader.js:539:12)\n    at Function.Module._load (internal/modules/cjs/loader.js:531:3)\n    at Module.require (internal/modules/cjs/loader.js:637:17)\n    at require (internal/modules/cjs/helpers.js:22:18)\n    at Object.<anonymous> (C:\\Users\\sorcun\\Desktop\\NODE\\NodeJS_Noob\\movie-api\\index.js:6:1)\n    at Module._compile (internal/modules/cjs/loader.js:701:30)\n    at Object.Module._extensions..js (internal/modules/cjs/loader.js:712:10)\n    at Module.load (internal/modules/cjs/loader.js:600:32)\n    at tryModuleLoad (internal/modules/cjs/loader.js:539:12)\n    at Function.Module._load (internal/modules/cjs/loader.js:531:3)\n    at Function.Module.runMain (internal/modules/cjs/loader.js:754:12)\n    at startup (internal/bootstrap/node.js:283:19)\n    at bootstrapNodeJSCore (internal/bootstrap/node.js:622:3)","stack":"Error: Cannot find module '../routes/returns'\n    at Function.Module._resolveFilename (internal/modules/cjs/loader.js:582:15)\n    at Function.Module._load (internal/modules/cjs/loader.js:508:25)\n    at Module.require (internal/modules/cjs/loader.js:637:17)\n    at require (internal/modules/cjs/helpers.js:22:18)\n    at Object.<anonymous> (C:\\Users\\sorcun\\Desktop\\NODE\\NodeJS_Noob\\movie-api\\startup\\route.js:8:17)\n    at Module._compile (internal/modules/cjs/loader.js:701:30)\n    at Object.Module._extensions..js (internal/modules/cjs/loader.js:712:10)\n    at Module.load (internal/modules/cjs/loader.js:600:32)\n    at tryModuleLoad (internal/modules/cjs/loader.js:539:12)\n    at Function.Module._load (internal/modules/cjs/loader.js:531:3)\n    at Module.require (internal/modules/cjs/loader.js:637:17)\n    at require (internal/modules/cjs/helpers.js:22:18)\n    at Object.<anonymous> (C:\\Users\\sorcun\\Desktop\\NODE\\NodeJS_Noob\\movie-api\\index.js:6:1)\n    at Module._compile (internal/modules/cjs/loader.js:701:30)\n    at Object.Module._extensions..js (internal/modules/cjs/loader.js:712:10)\n    at Module.load (internal/modules/cjs/loader.js:600:32)\n    at tryModuleLoad (internal/modules/cjs/loader.js:539:12)\n    at Function.Module._load (internal/modules/cjs/loader.js:531:3)\n    at Function.Module.runMain (internal/modules/cjs/loader.js:754:12)\n    at startup (internal/bootstrap/node.js:283:19)\n    at bootstrapNodeJSCore (internal/bootstrap/node.js:622:3)","exception":true,"date":"Wed Jun 26 2019 11:16:11 GMT+0200 (GMT+02:00)","process":{"pid":328052,"uid":null,"gid":null,"cwd":"C:\\Users\\sorcun\\Desktop\\NODE\\NodeJS_Noob\\movie-api","execPath":"C:\\Program Files\\nodejs\\node.exe","version":"v10.15.3","argv":["C:\\Program Files\\nodejs\\node.exe","C:\\Users\\sorcun\\Desktop\\NODE\\NodeJS_Noob\\movie-api\\index.js"],"memoryUsage":{"rss":72126464,"heapTotal":58535936,"heapUsed":37332224,"external":19846052}},"os":{"loadavg":[0,0,0],"uptime":180243},"trace":[{"column":15,"file":"internal/modules/cjs/loader.js","function":"Module._resolveFilename","line":582,"method":"_resolveFilename","native":false},{"column":25,"file":"internal/modules/cjs/loader.js","function":"Module._load","line":508,"method":"_load","native":false},{"column":17,"file":"internal/modules/cjs/loader.js","function":"Module.require","line":637,"method":"require","native":false},{"column":18,"file":"internal/modules/cjs/helpers.js","function":"require","line":22,"method":null,"native":false},{"column":17,"file":"C:\\Users\\sorcun\\Desktop\\NODE\\NodeJS_Noob\\movie-api\\startup\\route.js","function":null,"line":8,"method":null,"native":false},{"column":30,"file":"internal/modules/cjs/loader.js","function":"Module._compile","line":701,"method":"_compile","native":false},{"column":10,"file":"internal/modules/cjs/loader.js","function":"Module._extensions..js","line":712,"method":".js","native":false},{"column":32,"file":"internal/modules/cjs/loader.js","function":"Module.load","line":600,"method":"load","native":false},{"column":12,"file":"internal/modules/cjs/loader.js","function":"tryModuleLoad","line":539,"method":null,"native":false},{"column":3,"file":"internal/modules/cjs/loader.js","function":"Module._load","line":531,"method":"_load","native":false},{"column":17,"file":"internal/modules/cjs/loader.js","function":"Module.require","line":637,"method":"require","native":false},{"column":18,"file":"internal/modules/cjs/helpers.js","function":"require","line":22,"method":null,"native":false},{"column":1,"file":"C:\\Users\\sorcun\\Desktop\\NODE\\NodeJS_Noob\\movie-api\\index.js","function":null,"line":6,"method":null,"native":false},{"column":30,"file":"internal/modules/cjs/loader.js","function":"Module._compile","line":701,"method":"_compile","native":false},{"column":10,"file":"internal/modules/cjs/loader.js","function":"Module._extensions..js","line":712,"method":".js","native":false},{"column":32,"file":"internal/modules/cjs/loader.js","function":"Module.load","line":600,"method":"load","native":false},{"column":12,"file":"internal/modules/cjs/loader.js","function":"tryModuleLoad","line":539,"method":null,"native":false},{"column":3,"file":"internal/modules/cjs/loader.js","function":"Module._load","line":531,"method":"_load","native":false},{"column":12,"file":"internal/modules/cjs/loader.js","function":"Module.runMain","line":754,"method":"runMain","native":false},{"column":19,"file":"internal/bootstrap/node.js","function":"startup","line":283,"method":null,"native":false},{"column":3,"file":"internal/bootstrap/node.js","function":"bootstrapNodeJSCore","line":622,"method":null,"native":false}]}
